// Jest Snapshot v1, https://goo.gl/fbAQLP

exports[`snapshot test 1`] = `
{
  "Outputs": {
    "fastifyAppApiEndpointC51352AA": {
      "Value": {
        "Fn::Join": [
          "",
          [
            "https://",
            {
              "Ref": "fastifyAppApi4B7A160F",
            },
            ".execute-api.",
            {
              "Ref": "AWS::Region",
            },
            ".",
            {
              "Ref": "AWS::URLSuffix",
            },
            "/",
            {
              "Ref": "fastifyAppApiDeploymentStageprod9CC17FB8",
            },
            "/",
          ],
        ],
      },
    },
  },
  "Parameters": {
    "BootstrapVersion": {
      "Default": "/cdk-bootstrap/hnb659fds/version",
      "Description": "Version of the CDK Bootstrap resources in this environment, automatically retrieved from SSM Parameter Store. [cdk:skip]",
      "Type": "AWS::SSM::Parameter::Value<String>",
    },
  },
  "Resources": {
    "FastifyAppLambda6A8D8BC0": {
      "DependsOn": [
        "FastifyAppLambdaServiceRole7FA32586",
      ],
      "Properties": {
        "Code": {
          "S3Bucket": {
            "Fn::Sub": "cdk-hnb659fds-assets-\${AWS::AccountId}-\${AWS::Region}",
          },
          "S3Key": "HASH-REPLACED.zip",
        },
        "Environment": {
          "Variables": {
            "AWS_NODEJS_CONNECTION_REUSE_ENABLED": "1",
            "DATABASE_URL": "postgres://dummy:5443/mydb",
            "STAGE": "PRODUCTION",
          },
        },
        "Handler": "index.handler",
        "Role": {
          "Fn::GetAtt": [
            "FastifyAppLambdaServiceRole7FA32586",
            "Arn",
          ],
        },
        "Runtime": "nodejs16.x",
      },
      "Type": "AWS::Lambda::Function",
    },
    "FastifyAppLambdaServiceRole7FA32586": {
      "Properties": {
        "AssumeRolePolicyDocument": {
          "Statement": [
            {
              "Action": "sts:AssumeRole",
              "Effect": "Allow",
              "Principal": {
                "Service": "lambda.amazonaws.com",
              },
            },
          ],
          "Version": "2012-10-17",
        },
        "ManagedPolicyArns": [
          {
            "Fn::Join": [
              "",
              [
                "arn:",
                {
                  "Ref": "AWS::Partition",
                },
                ":iam::aws:policy/service-role/AWSLambdaBasicExecutionRole",
              ],
            ],
          },
        ],
      },
      "Type": "AWS::IAM::Role",
    },
    "fastifyAppApi4B7A160F": {
      "Properties": {
        "Name": "fastifyAppApi",
      },
      "Type": "AWS::ApiGateway::RestApi",
    },
    "fastifyAppApiANYApiPermissionTestStackfastifyAppApi1F207F31ANY328FE2C1": {
      "Properties": {
        "Action": "lambda:InvokeFunction",
        "FunctionName": {
          "Fn::GetAtt": [
            "FastifyAppLambda6A8D8BC0",
            "Arn",
          ],
        },
        "Principal": "apigateway.amazonaws.com",
        "SourceArn": {
          "Fn::Join": [
            "",
            [
              "arn:",
              {
                "Ref": "AWS::Partition",
              },
              ":execute-api:",
              {
                "Ref": "AWS::Region",
              },
              ":",
              {
                "Ref": "AWS::AccountId",
              },
              ":",
              {
                "Ref": "fastifyAppApi4B7A160F",
              },
              "/",
              {
                "Ref": "fastifyAppApiDeploymentStageprod9CC17FB8",
              },
              "/*/",
            ],
          ],
        },
      },
      "Type": "AWS::Lambda::Permission",
    },
    "fastifyAppApiANYApiPermissionTestTestStackfastifyAppApi1F207F31ANYF5B7426A": {
      "Properties": {
        "Action": "lambda:InvokeFunction",
        "FunctionName": {
          "Fn::GetAtt": [
            "FastifyAppLambda6A8D8BC0",
            "Arn",
          ],
        },
        "Principal": "apigateway.amazonaws.com",
        "SourceArn": {
          "Fn::Join": [
            "",
            [
              "arn:",
              {
                "Ref": "AWS::Partition",
              },
              ":execute-api:",
              {
                "Ref": "AWS::Region",
              },
              ":",
              {
                "Ref": "AWS::AccountId",
              },
              ":",
              {
                "Ref": "fastifyAppApi4B7A160F",
              },
              "/test-invoke-stage/*/",
            ],
          ],
        },
      },
      "Type": "AWS::Lambda::Permission",
    },
    "fastifyAppApiANYBEF154FB": {
      "Properties": {
        "AuthorizationType": "NONE",
        "HttpMethod": "ANY",
        "Integration": {
          "IntegrationHttpMethod": "POST",
          "Type": "AWS_PROXY",
          "Uri": {
            "Fn::Join": [
              "",
              [
                "arn:",
                {
                  "Ref": "AWS::Partition",
                },
                ":apigateway:",
                {
                  "Ref": "AWS::Region",
                },
                ":lambda:path/2015-03-31/functions/",
                {
                  "Fn::GetAtt": [
                    "FastifyAppLambda6A8D8BC0",
                    "Arn",
                  ],
                },
                "/invocations",
              ],
            ],
          },
        },
        "ResourceId": {
          "Fn::GetAtt": [
            "fastifyAppApi4B7A160F",
            "RootResourceId",
          ],
        },
        "RestApiId": {
          "Ref": "fastifyAppApi4B7A160F",
        },
      },
      "Type": "AWS::ApiGateway::Method",
    },
    "fastifyAppApiAccountD8BAAB5C": {
      "DeletionPolicy": "Retain",
      "DependsOn": [
        "fastifyAppApi4B7A160F",
      ],
      "Properties": {
        "CloudWatchRoleArn": {
          "Fn::GetAtt": [
            "fastifyAppApiCloudWatchRole8AB1E821",
            "Arn",
          ],
        },
      },
      "Type": "AWS::ApiGateway::Account",
      "UpdateReplacePolicy": "Retain",
    },
    "fastifyAppApiCloudWatchRole8AB1E821": {
      "DeletionPolicy": "Retain",
      "Properties": {
        "AssumeRolePolicyDocument": {
          "Statement": [
            {
              "Action": "sts:AssumeRole",
              "Effect": "Allow",
              "Principal": {
                "Service": "apigateway.amazonaws.com",
              },
            },
          ],
          "Version": "2012-10-17",
        },
        "ManagedPolicyArns": [
          {
            "Fn::Join": [
              "",
              [
                "arn:",
                {
                  "Ref": "AWS::Partition",
                },
                ":iam::aws:policy/service-role/AmazonAPIGatewayPushToCloudWatchLogs",
              ],
            ],
          },
        ],
      },
      "Type": "AWS::IAM::Role",
      "UpdateReplacePolicy": "Retain",
    },
    "fastifyAppApiDeployment35BD0E1Eae5d60fd2f2521fb8400dc38020b5971": {
      "DependsOn": [
        "fastifyAppApiproxyANYF353B5CC",
        "fastifyAppApiproxyD4144B33",
        "fastifyAppApiANYBEF154FB",
      ],
      "Properties": {
        "Description": "Automatically created by the RestApi construct",
        "RestApiId": {
          "Ref": "fastifyAppApi4B7A160F",
        },
      },
      "Type": "AWS::ApiGateway::Deployment",
    },
    "fastifyAppApiDeploymentStageprod9CC17FB8": {
      "DependsOn": [
        "fastifyAppApiAccountD8BAAB5C",
      ],
      "Properties": {
        "DeploymentId": {
          "Ref": "fastifyAppApiDeployment35BD0E1Eae5d60fd2f2521fb8400dc38020b5971",
        },
        "RestApiId": {
          "Ref": "fastifyAppApi4B7A160F",
        },
        "StageName": "prod",
      },
      "Type": "AWS::ApiGateway::Stage",
    },
    "fastifyAppApiproxyANYApiPermissionTestStackfastifyAppApi1F207F31ANYproxyF14BC856": {
      "Properties": {
        "Action": "lambda:InvokeFunction",
        "FunctionName": {
          "Fn::GetAtt": [
            "FastifyAppLambda6A8D8BC0",
            "Arn",
          ],
        },
        "Principal": "apigateway.amazonaws.com",
        "SourceArn": {
          "Fn::Join": [
            "",
            [
              "arn:",
              {
                "Ref": "AWS::Partition",
              },
              ":execute-api:",
              {
                "Ref": "AWS::Region",
              },
              ":",
              {
                "Ref": "AWS::AccountId",
              },
              ":",
              {
                "Ref": "fastifyAppApi4B7A160F",
              },
              "/",
              {
                "Ref": "fastifyAppApiDeploymentStageprod9CC17FB8",
              },
              "/*/*",
            ],
          ],
        },
      },
      "Type": "AWS::Lambda::Permission",
    },
    "fastifyAppApiproxyANYApiPermissionTestTestStackfastifyAppApi1F207F31ANYproxy7AB2ACF4": {
      "Properties": {
        "Action": "lambda:InvokeFunction",
        "FunctionName": {
          "Fn::GetAtt": [
            "FastifyAppLambda6A8D8BC0",
            "Arn",
          ],
        },
        "Principal": "apigateway.amazonaws.com",
        "SourceArn": {
          "Fn::Join": [
            "",
            [
              "arn:",
              {
                "Ref": "AWS::Partition",
              },
              ":execute-api:",
              {
                "Ref": "AWS::Region",
              },
              ":",
              {
                "Ref": "AWS::AccountId",
              },
              ":",
              {
                "Ref": "fastifyAppApi4B7A160F",
              },
              "/test-invoke-stage/*/*",
            ],
          ],
        },
      },
      "Type": "AWS::Lambda::Permission",
    },
    "fastifyAppApiproxyANYF353B5CC": {
      "Properties": {
        "AuthorizationType": "NONE",
        "HttpMethod": "ANY",
        "Integration": {
          "IntegrationHttpMethod": "POST",
          "Type": "AWS_PROXY",
          "Uri": {
            "Fn::Join": [
              "",
              [
                "arn:",
                {
                  "Ref": "AWS::Partition",
                },
                ":apigateway:",
                {
                  "Ref": "AWS::Region",
                },
                ":lambda:path/2015-03-31/functions/",
                {
                  "Fn::GetAtt": [
                    "FastifyAppLambda6A8D8BC0",
                    "Arn",
                  ],
                },
                "/invocations",
              ],
            ],
          },
        },
        "ResourceId": {
          "Ref": "fastifyAppApiproxyD4144B33",
        },
        "RestApiId": {
          "Ref": "fastifyAppApi4B7A160F",
        },
      },
      "Type": "AWS::ApiGateway::Method",
    },
    "fastifyAppApiproxyD4144B33": {
      "Properties": {
        "ParentId": {
          "Fn::GetAtt": [
            "fastifyAppApi4B7A160F",
            "RootResourceId",
          ],
        },
        "PathPart": "{proxy+}",
        "RestApiId": {
          "Ref": "fastifyAppApi4B7A160F",
        },
      },
      "Type": "AWS::ApiGateway::Resource",
    },
  },
  "Rules": {
    "CheckBootstrapVersion": {
      "Assertions": [
        {
          "Assert": {
            "Fn::Not": [
              {
                "Fn::Contains": [
                  [
                    "1",
                    "2",
                    "3",
                    "4",
                    "5",
                  ],
                  {
                    "Ref": "BootstrapVersion",
                  },
                ],
              },
            ],
          },
          "AssertDescription": "CDK bootstrap stack version 6 required. Please run 'cdk bootstrap' with a recent version of the CDK CLI.",
        },
      ],
    },
  },
}
`;
